../Drivers/CMSIS/Include/core_cm4.h:2059:26:ITM_SendChar	16	static,ignoring_inline_asm
../Core/Src/main.c:23:5:_write	32	static
../Core/Src/main.c:85:5:main	136	static
../Core/Src/main.c:180:6:SystemClock_Config	96	static
../Core/Src/main.c:230:13:MX_USART2_UART_Init	8	static
../Core/Src/main.c:265:13:MX_GPIO_Init	48	static
../Core/Src/main.c:308:6:StartDefaultTask	16	static
../Core/Src/main.c:331:6:StartTask02	16	static
../Core/Src/main.c:352:6:StartTask03	16	static
../Core/Src/main.c:373:6:StartTask04	16	static
../Core/Src/main.c:397:6:HAL_TIM_PeriodElapsedCallback	16	static
../Core/Src/main.c:414:6:Error_Handler	4	static,ignoring_inline_asm
